[   0.0000Intializnggrup sbs cset[   0.00000]Iniazinggrp ubsycp
[   0.000 Iitializig rop subss uact
[  00000]in vrsion 4.4.0-140-generic (buildd@lcy01-amd64-006) (gcc version 5.4.0 20160609 (Ubuntu 5.4.0-6ubuntu1~16.04.10) ) #166-Ubuntu SMP Wed Nov 14 20:09:47 UTC 2018 (Ubuntu 4.4.0-140.166-generic 4.4.162)
[    0.000000] Command line: BOOT_IMAGE=/boot/vmlinuz-4.4.0-140-generic root=UUID=db1ff695-5a6a-4da3-ac65-434f2d99ef16 ro console=tty1 console=ttyS0
[    0.000000] KERNEL supported cpus:
[    0.000000]   Intel GenuineIntel
[    0.000000]   AMD AuthenticAMD
[    0.000000]   Centaur CentaurHauls
[    0.000000] x86/fp: xstate_offset[2]:  576, xstate_sizes[2]:  256
[    0.000000] x86/fpu: Supporting XSAVE feature 0x01: 'x87 floating point registers'
[    0.000000] x86/fpu: Supporting XSAVE feature 0x02: 'SSE registers'
[    0.000000] x86/fpu: Supporting XSAVE feature 0x04: 'AVX registers'
[    0.000000] x86/fpu: Enabled xstate features 0x7, context size is 832 bytes, using 'standard' format.
[    0.000000] e820: BIOS-provided physical RAM map:
[    0.000000] BIOS-e820: [mem 0x0000000000000000-0x000000000009fbff] usable
[    0.000000] BIOS-e820: [mem 0x000000000009fc00-0x000000000009ffff] reserved
[    0.000000] BIOS-e820: mem 00000000000x00000000ff] reerd[    00000BIOS82 [em 00000001000x0000000fffff]usle[   0.00] BIOSe820[mm 0x00007fff000-0000007ffff]ACPI data
[  0.000]IOe80: [m 000000fe0000-0x00000000fec00fff] reserved
[    0.000000] BIOS-e820: [mem 0x00000000fee00000-0x00000000fee00fff] reserved
[    0.000000] BIOS-e820: [mem 0x00000000fffc0000-0x00000000ffffffff] reserved
[    0.000000] NX (Execute Disable) protection: active
[    0.000000] SMBIOS 2.5 present.
[    0.000000] Hypervisor detected: KVM
[    0.000000] e820: last_pfn = 0x7fff0 max_arch_pfn = 0x400000000
[    0.000000] MTRR: Disabled
[    0.000000] x86/PAT: MTRRs disabled, skipping PAT initialization too.
[    0.000000] CPU MTRRs all blank - virtualized system.
[    0.000000] x86/PAT: Configuration [0-7]: WB  WT  UC- UC  WB  WT  UC- UC  
[    0.000000] found SMP MP-table at [mem 0x0009fff0-0x0009ffff] mapped at [ffff88000009fff0]
[    0.000000] Scanning 1 areas for low memory corruption
[    0.000000] RAMDISK: [mem 0x361ee000-0x370eefff]
[    0.000000] ACPI: Early table checksum verification disabled
[    0.000000] ACPI: RSDP 0x00000000000E0000 000024 (v02 VBOX  )
[    0.000000] ACPI: XSDT 0x000000007FFF0030 00003C (v01 VBOX   VBOXXSDT 00000001 ASL  00000061)
[    0.000000] ACPI: FACP 0x000000007FFF00F0 0000F4 (v04 VBOX   VBOXFACP 00000001 ASL  00000061)
[    0.000000] ACPI: DSDT 0x000000007FFF0470 0021FF (v02 VBOX   VBOXBIOS 00000002 INTL 20100528)
[    0.000000] ACPI: FACS 0x000000007FFF0200 000040
[    0.000000] ACPI: FACS 0x000000007FFF0200 000040
[    0.000000] ACPI: APIC 0x000000007FFF0240 00005C (v02 VBOX   VBOXAPIC 00000001 ASL  00000061)
[    0.000000] ACPI: SSDT 0x000000007FFF02A0 0001CC (v01 VBOX   VBOXCPUT 00000002 INTL 20100528)
[    0.000000] No NUMA configuration found
[    0.000000] Faking a node at [mem 0x0000000000000000-0x000000007ffeffff]
[    0.000000] NODE_DATA(0) allocated [mem 0x7ffeb000-0x7ffeffff]
[    0.000000] kvm-clock: Using msrs 4b564d01 and 4b564d00
[    0.000000] kvm-clock: cpu 0, msr 0:7ffe3001, primary cpu clock
[    0.000000] kvm-clock: using sched offset of 3706260009 cycles
[    0.000000] clocksource: kvm-clock: mask: 0xffffffffffffffff max_cyle: 0xd44dfb, axid_n: 8105483 
  0.00000]onranges
[  0000000  MA    [mem x000000000000x000000ff]
[   0000]   MA  [memx000000100-0000000fefff][  0.000  Normal ety
[   000000]   Device   empty
[    0.000000] Movable zone start for each node
[    0.000000] Early memory node ranges
[    0.000000]   node   0: [mem 0x0000000000001000-0x000000000009efff]
[    0.000000]   node   0: [mem 0x0000000000100000-0x000000007ffeffff]
[    0.000000] Initmem setup node 0 [mem 0x0000000000001000-0x000000007ffeffff]
[    0.000000] ACPI: PM-Timer IO Port: 0x4008
[    0.000000] IOAPIC[0]: apic_id 2, version 32, address 0xfec00000, GSI 0-23
[    0.000000] ACPI: INT_SRC_OVR (bus 0 bus_irq 0 global_irq 2 dfl dfl)
[    0.000000] ACPI: INT_SRC_OVR (bus 0 bus_irq 9 global_irq 9 low level)
[    0.000000] Using ACPI (MADT) for SMP configuration information
[    0.000000] smpboot: Allowing 2 CPUs, 0 hotplug CPUs
[    0.000000] PM: Registered nosave memory: [mem 0x00000000-0x00000fff]
[    0.000000] PM: Registered nosave memory: [mem 0x0009f000-0x0009ffff]
[    0.000000] PM: Registered nosave memory: [mem 0x000a0000-0x000effff]
[    0.000000] PM: Registered nosave memory: [mem 0x000f0000-0x000fffff]
[    0.000000] e820: [mem 0x80000000-0xfebfffff] available for PCI devices
[    0.0000000] Booting paravirtualized kernel on KVM
[    0.000000] clocksource: refined-jiffies: mask: 0xffffffff max_cycles: 0xffffffff, max_idle_ns: 7645519600211568 ns
[    0.000000] setup_percpu: NR_CPUS:512 nr_cpumask_bits:512 nr_cpu_ids:2 nr_node_ids:1
[    0.000000] PERCPU: Embedded 34 pages/cpu @ffff88007fc00000 s99608 r8192 d31464 u1048576
[    0.000000] PV qspinlock hash table entries: 256 (order: 0, 4096 bytes)
[    0.000000] Built 1 zonelists in Node order, mobility grouping on.  Total pages: 515960
[    0.000000] Policy zone: DMA32
[    0.000000] Kernel command line: BOOT_IMAGE=/boot/vmlinuz-4.4.0-140-generic root=UUID=db1ff695-5a6a-4da3-ac65-434f2d99ef16 ro console=tty1 console=ttyS0
[    0.000000 P hastablenties:09(oder:, 768 ytes)
[   0000000 Memor: 02332K/2966K aille(856 kne cod, 14rwda, 08 rodta15K init13K bs 67364reerve,  c-rservd)[   0.0000 SUB: aln=4, Orr=3, inObjects=0, CPUs=2,Nodes=1
[    0.000000] Kernel/User page tables isolation: enabled
[    0.000000] Hierarchical RCU implementation.
[    0.000000] 	Build-time adjustment of leaf fanout to 64.
[    0.000000] 	RCU restricting CPUs from NR_CPUS=512 to nr_cpu_ids=2.
[    0.000000] RCU: Adjusting geometry for rcu_fanout_leaf=64, nr_cpu_ids=2
[    0.000000] NR_IRQS:33024 nr_irqs:440 16
[    0.000000] Console: colour VGA+ 80x25
[    0.000000] console [tty1] enabled
[    0.000000] console [ttyS0] enabled
[    0.000000] tsc: Detected 2592.000 MHz processor
[    4.013700] Calibrating delay loop (skipped) preset value.. 5184.00 BogoMIPS (lpj=10368000)
[    4.015808] pid_max: default: 32768 minimum: 301
[    4.016989] ACPI: Core revision 20150930
[    4.018743] ACPI: 2 ACPI AML tables successfully acquired and loaded
[    4.020671] Security Framework initialized
[    4.021698] Yama: becoming mindful.
[    4.022626] AppArmor: AppArmor initialized
[    4.025024] Dentry cache hash table entries: 262144 (order: 9, 2097152 bytes)
[    4.026972] Inode-cache hash table entries: 131072 (order: 8, 1048576 bytes)
[    4.029854] Mount-cache hash table entries: 4096 (order: 3, 32768 bytes)
[    4.031411] Mountpoint-cache hash table entries: 4096 (order: 3, 32768 bytes)
[    4.033706] Initializing cgroup subsys io
[    4.034715] Initializing cgroup subsys memory
[    4.128553] Initializing cgroup subsys devices
[    4.228651] Initializing cgroup subsys freezer
[    4.326991] Initializing cgroup subsys net_cls
[    4.432109] Initializing cgroup subsys perf_event
[    4.538892] Initializing cgroup subsys net_prio
[    4.617870] Initializing cgroup subsys hugetlb
[    4.721597] Initializing cgroup subsys pids
[    4.807815] mce: CPU supports 0 MCE banks
[    4.902945] Last level iTLB entries: 4KB 64, 2MB 8, 4MB 8
[    5.003039] Last level dTLB entries: 4KB 64, 2MB 0, 4MB 0, 1GB 4
[    5.078284] Spectre V2 : Mitigation: Full generic retpoline
[    5.080126] Spectre V2 : Spectre v2 mitigation: Speculation control IBPB not-supported IBRS not-supported
[    5.082365] Spectre V2 : Spectre v2 / SpectreRSB mitigation: Filling RSB on context switch
[    5.084617] Speculative Store Bypass: Vulnerable
[    5.088123] Freeing SMP alternatives memory: 32K
[    5.095302] ftrace: allocating 32287 entries in 127 pages
[    5.136992] smpboot: APIC(0) Converting physical 0 to logical package 0
[    5.295651] smpboot: Max logical packages: 1
[    5.378840] x2apic enabled
[    5.441619] Switched APIC routing to physical x2apic.
[    5.550856] ..TIMER: vector=0x30 apic1=0 pin1=2 apic2=-1 pin2=-1
[    5.805743] smpboot: CPU0: Intel(R) Core(TM) i7-8850H CPU @ 2.60GHz (family: 0x6, model: 0x9e, stepping: 0xa)
[    5.933111] Performance Events: unsupported p6 CPU model 158 no PMU driver, software events only.
[    6.146561] KVM setup paravirtual spinlock
[    6.166338] x86: Booting SMP configuration:
[    6.167562] .... node  #0, CPUs:      #1
[    6.168793] kvm-clock: cpu 1, msr 0:7ffe3041, secondary cpu clock
[    6.174270] mce: CPU supports 0 MCE banks
[    6.177154] x86: Booted up 1 node, 2 CPUs
[    6.178452] smpboot: Total of 2 processors activated (10368.00 BogoMIPS)
[    6.180495] devtmpfs: initialized
[    6.183054] evm: security.selinux
[    6.183939] evm: security.SMACK64
[    6.184813] evm: security.SMACK64EXEC
[    6.185801] evm: security.SMACK64TRANSMUTE
[    6.186818] evm: security.SMACK64MMAP
[    6.187746] evm: security.ima
[    6.188540] evm: security.capability
[    6.189814] clocksource: jiffies: mask: 0xffffffff max_cycles: 0xffffffff, max_idle_ns: 7645041785100000 ns
[    6.192403] futex hash table entries: 512 (order: 3, 32768 bytes)
[    6.193986] pinctrl core: initialized pinctrl subsystem
[    6.195394] RTC time: 19:52:39, date: 12/03/18
[    6.197014] NET: Registered protocol family 16
[    6.210315] cpuidle: using governor ladder
[    6.302135] cpuidle: using governor menu
[    6.405088] PCCT header not found.
[    6.486280] ACPI: bus type PCI registered
[    6.579500] acpiphp: ACPI Hot Plug PCI Controller Driver version: 0.5
[    6.743831] PCI: Using configuration type 1 for base access
[    6.832235] ACPI: Added _OSI(Module Device)
[    6.934369] ACPI: Added _OSI(Processor Device)
[    7.031312] ACPI: Added _OSI(3.0 _SCP Extensions)
[    7.145445] ACPI: Added _OSI(Processor Aggregator Device)
[    7.250631] ACPI: Executed 1 blocks of module-level executable AML code
[    7.253884] ACPI: Interpreter enabled
[    7.254888] ACPI: (supports S0 S5)
[    7.255777] ACPI: Using IOAPIC for interrupt routing
[    7.257086] PCI: Using host bridge windows from ACPI; if necessary, use "pci=nocrs" and report a bug
[    7.263066] ACPI: PCI Root Bridge [PCI0] (domain 0000 [bus 00-ff])
[    7.264532] acpi PNP0A03:00: _OSC: OS supports [ASPM ClockPM Segments MSI]
[    7.266116] acpi PNP0A03:00: _OSC: not requesting OS control; OS requires [ExtendedConfig ASPM ClockPM MSI]
[    7.268503] acpi PNP0A03:00: fail to add MMCONFIG information, can't access extended PCI configuration space under this bridge.
[    7.271763] PCI host bridge to bus 0000:00
[    7.272803] pci_bus 0000:00: root bus resource [io  0x0000-0x0cf7 window]
[    7.274358] pci_bus 0000:00: root bus resource [io  0x0d00-0xffff window]
[    7.275951] pci_bus 0000:00: root bus resource [mem 0x000a0000-0x000bffff window]
[    7.277882] pci_bus 0000:00: root bus resource [mem 0x80000000-0xfdffffff window]
[    7.279815] pci_bus 0000:00: root bus resource [bus 00-ff]
[    7.284192] pci 0000:00:01.1: legacy IDE quirk: reg 0x10: [io  0x01f0-0x01f7]
[    7.285826] pci 0000:00:01.1: legacy IDE quirk: reg 0x14: [io  0x03f6]
[    7.309640] pci 0000:00:01.1: legacy IDE quirk: reg 0x18: [io  0x0170-0x0177]
[    7.492562] pci 0000:00:01.1: legacy IDE quirk: reg 0x1c: [io  0x0376]
[    7.690829] pci 0000:00:07.0: quirk: [io  0x4000-0x403f] claimed by PIIX4 ACPI
[    7.854483] pci 0000:00:07.0: quirk: [io  0x4100-0x410f] claimed by PIIX4 SMB
[    8.007344] ACPI: PCI Interrupt Link [LNKA] (IRQs 5 9 10 *11)
[    8.124115] ACPI: PCI Interrupt Link [LNKB] (IRQs 5 9 *10 11)
[    8.236162] ACPI: PCI Interrupt Link [LNKC] (IRQs 5 *9 10 11)
[    8.333481] ACPI: PCI Interrupt Link [LNKD] (IRQs 5 9 10 *11)
[    8.335508] ACPI: Enabled 2 GPEs in block 00 to 07
[    8.337754] vgaarb: setting as boot device: PCI:0000:00:02.0
[    8.339102] vgaarb: device added: PCI:0000:00:02.0,decodes=io+mem,owns=io+mem,locks=none
[    8.341117] vgaarb: loaded
[    8.341863] vgaarb: bridge control possible 0000:00:02.0
[    8.343323] SCSI subsystem initialized
[    8.344915] ACPI: bus type USB registered
[    8.346012] usbcore: registered new interface driver usbfs
[    8.347324] usbcore: registered new interface driver hub
[    8.349238] usbcore: registered new device driver usb
[    8.350724] PCI: Using ACPI for IRQ routing
[    8.352309] NetLabel: Initializing
[    8.353254] NetLabel:  domain hash size = 128
[    8.354386] NetLabel:  protocols = UNLABELED CIPSOv4
[    8.355639] NetLabel:  unlabeled traffic allowed by default
[    8.357251] amd_nb: Cannot enumerate AMD northbridges
[    8.358864] clocksource: Switched to clocksource kvm-clock
[    8.366950] AppArmor: AppArmor Filesystem Enabled
[    8.368241] pnp: PnP ACPI init
[    8.370169] pnp: PnP ACPI: found 3 devices
[  8.38718]clksrc ai_pm:as 0fff x_cl: fffff, max_idle_ns: 2085701024 ns
[    8.971113] NET: Registered protocol family 2

[    8.972920] TCP established hash table entries: 16384 (order: 5, 131072 bytes)
[    8.975159] TCP bind hash table entries: 16384 (order: 6, 262144 bytes)
[    8.977378] TCP: Hash tables configured (established 16384 bind 16384)
[    8.979674] UDP hash table entries: 1024 (order: 3, 32768 bytes)
[    8.981660] UDP-Lite hash table entries: 1024 (order: 3 368yt)  9.257] NET Risreprotocol family 1
[    9.436162] pci 0000:00:00.0: Limiting direct PCI/PCI transfers
[    9.437861] pci 0000:00:01.0: Activating ISA DMA hang workarounds
[    9.439573] Unpacking initramfs...

[    9.610293] Freeing initrd memory: 15364K
[    9.697607] platform rtc_cmos: registered platform RTC device (no PNP device found)
[    9.868057] Scanning for low memory corruption every 60 seconds
[   10.040573] audit: initializing netlink subsys (disabled)
[   10.177017] audit: type=2000 audit(1543866761.691:1): initialized
[   10.327791] Initialise system trusted keyring
[   10.432385] HugeTLB registered 2 MB page size, pre-allocated 0 pages
[   10.500969] zbud: loaded
[   10.502052] VFS: Disk quotas dquot_6.6.0
[   10.503349] VFS: Dquot-cache hash table entries: 512 (order 0, 4096 bytes)
[   10.505321] squashfs: version 4.0 (2009/01/31) Phillip Lougher
[   10.507090] fuse init (API version 7.23)
[   10.508661] Key type big_key registered
[   10.509650] Allocating IMA MOK and blacklist keyrings.
[   10.513150] Key type asymmetric registered
[   10.514184] Asymmetric key parser 'x509' registered
[   10.515457] Block layer SCSI generic (bsg) driver version 0.4 loaded (major 249)
[   10.517637] io scheduler noop registered
[   10.518638] io scheduler deadline registered (default)
[   10.519953] io scheduler cfq registered
[   10.521013] pci_hotplug: PCI Hot Plug PCI Core version: 0.5
[   10.522355] pciehp: PCI Express Hot Plug Controller Driver version: 0.4
[   10.524719] ACPI: AC Adapter [AC] (on-line)
[   10.525953] input: Power Button as /devices/LNXSYSTM:00/LNXPWRBN:00/input/input0
[   10.527873] ACPI: Power Button [PWRF]
[   10.528894] input: Sleep Button as /devices/LNXSYSTM:00/LNXSLPBN:00/input/input1
[   10.531218] ACPI: Sleep Button [SLPF]
[   10.532400] GHES: HEST is not enabled!
[   10.533462] ACPI: Battery Slot [BAT0] (battery present)
[   10.533501] Serial: 8250/16550 driver, 32 ports, IRQ sharing enabled
[   10.558435] 00:02: ttyS0 at I/O 0x3f8 (irq = 4, base_baud = 115200) is a 16550A
[   10.723321] tsc: Refined TSC clocksource calibration: 2591.606 MHz
[   10.723323] clocksource: tsc: mask: 0xffffffffffffffff max_cycles: 0x255b42b2882, max_idle_ns: 400795236588 ns
[   10.723373] Linux agpgart interface v0.103
[   11.107801] loop: module loaded
[   11.108209] scsi host0: ata_piix
[   11.108247] scsi host1: ata_piix
[   11.108268] ata1: PATA max UDMA/33 cmd 0x1f0 ctl 0x3f6 bmdma 0xd000 irq 14
[   11.108268] ata2: PATA max UDMA/33 cmd 0x170 ctl 0x376 bmdma 0xd008 irq 15
[   11.108318] libphy: Fixed MDIO Bus: probed
[   11.108319] tun: Universal TUN/TAP device driver, 1.6
[   11.108320] tun: (C) 1999-2004 Max Krasnyansky <maxk@qualcomm.com>
[   11.108660] PPP generic driver version 2.4.2
[   11.108697] ehci_hcd: USB 2.0 'Enhanced' Host Controller (EHCI) Driver
[   11.108700] ehci-pci: EHCI PCI platform driver
[   11.108711] ehci-platform: EHCI generic platform driver
[   11.108717] ohci_hcd: USB 1.1 'Open' Host Controller (OHCI) Driver
[   11.108719] ohci-pci: OHCI PCI platform driver
[   11.108724] ohci-platform: OHCI generic platform driver
[   11.108729] uhci_hcd: USB Universal Host Controller Interface driver
[   11.108768] i8042: PNP: PS/2 Controller [PNP0303:PS2K,PNP0f03:PS2M] at 0x60,0x64 irq 1,12
[   11.109133] serio: i8042 KBD port at 0x60,0x64 irq 1
[   11.109136] serio: i8042 AUX port at 0x60,0x64 irq 12
[   11.109200] mousedev: PS/2 mouse device common for all mice
[   11.109390] input: AT Translated Set 2 keyboard as /devices/platform/i8042/serio0/input/input2
[   11.109778] rtc_cmos rtc_cmos: rtc core: registered rtc_cmos as rtc0
[   11.109817] rtc_cmos rtc_cmos: alarms up to one day, 114 bytes nvram
[   11.109821] i2c /dev entries driver
[   11.109855] device-mapper: uevent: version 1.0.3
[   11.109891] device-mapper: ioctl: 4.34.0-ioctl (2015-10-28) initialised: dm-devel@redhat.com
[   11.109904] ledtrig-cpu: registered to indicate activity on CPUs
[   11.463753] NET: Registered protocol family 10
[   11.464157] NET: Registered protocol family 17
[   11.464165] Key type dns_resolver registered
[   11.464340] registered taskstats version 1
[   11.464349] Loading compiled-in X.509 certificates
[   11.464749] Loaded X.509 cert 'Build time autogenerated kernel key: 2b5438463a545abf193c13ead155e0657f6c69dd'
[   11.464761] zswap: loaded using pool lzo/zbud
[   11.465750] Key type trusted registered
[   11.467431] Key type encrypted registered
[   11.467434] AppArmor: AppArmor sha1 policy hashing enabled
[   11.467436] ima: No TPM chip found, activating TPM-bypass!
[   11.467439] ima: Allocated hash algorithm: sha1
[   11.467449] evm: HMAC attrs: 0x1
[   11.467745]   Magic number: 14:616:899
[   11.553046] rtc_cmos rtc_cmos: setting system clock to 2018-12-03 19:52:45 UTC (1543866765)
[   11.553127] BIOS EDD facility v0.16 2004-Jun-25, 0 devices found
[   11.553127] EDD information not available.
[   11.802029] Freeing unused kernel memory: 1528K
[   11.815014] Write protecting the kernel read-only data: 14336k
[   11.816819] Freeing unused kernel memory: 1664K
[   11.818099] Freeing unused kernel memory: 88K
Loading, please wait...
starting version[   11.829533] random: systemd-udevd: uninitialized urandom read (16 bytes read, 3 bits of entropy available)
 229
[   11.829915] random: udevadm: uninitialized urandom read (16 bytes read, 3 bits of entropy available)
[   11.829929] random: udevadm: uninitialized urandom read (16 bytes read, 3 bits of entropy available)
[   11.835921] random: udevadm: uninitialized urandom read (16 bytes read, 3 bits of entropy available)
[   11.835949] random: udevadm: uninitialized urandom read (16 bytes read, 3 bits of entropy available)
[   11.836074] random: udevadm: uninitialized urandom read (16 bytes read, 3 bits of entropy available)
[   11.836107] random: udevadm: uninitialized urandom read (16 bytes read, 3 bits of entropy available)
[   11.836139] random: udevadm: uninitialized urandom read (16 bytes read, 3 bits of entropy available)
[   11.836171] random: udevadm: uninitialized urandom read (16 bytes read, 3 bits of entropy available)
[   11.836201] random: udevadm: uninitialized urandom read (16 bytes read, 3 bits of entropy available)
[   11.910646] e1000: Intel(R) PRO/1000 Network Driver - version 7.3.21-k8-NAPI
[   12.208249] e1000: Copyright (c) 1999-2006 Intel Corporation.
[   12.289119] Fusion MPT base driver 3.04.20
[   12.391545] Copyright (c) 1999-2008 LSI Corporation
[   12.400402] Fusion MPT SPI Host driver 3.04.20
[   12.415571] AVX2 version of gcm_enc/dec engaged.
[   12.536732] AES CTR mode by8 optimization enabled
[   12.666386] input: ImExPS/2 Generic Explorer Mouse as /devices/platform/i8042/serio1/input/input4
[   12.789694] e1000 0000:00:03.0 eth0: (PCI:33MHz:32-bit) 02:98:04:f8:6e:63
[   12.927340] e1000 0000:00:03.0 eth0: Intel(R) PRO/1000 Network Connection
[   13.091839] e1000 0000:00:03.0 enp0s3: renamed from eth0
[   13.242802] mptbase: ioc0: Initiating bringup
[   13.683018] ioc0: LSI53C1030 A0: Capabilities={Initiator}
[   14.664572] scsi host2: ioc0: LSI53C1030 A0, FwRev=00000000h, Ports=1, MaxQ=256, IRQ=20
[   15.281769] scsi 2:0:0:0: Direct-Access     VBOX     HARDDISK         1.0  PQ: 0 ANSI: 5
[   15.437068] scsi target2:0:0: Beginning Domain Validation
[   15.581575] scsi target2:0:0: Domain Validation skipping write tests
[   15.723631] scsi target2:0:0: Ending Domain Validation
[   16.187792] scsi target2:0:0: asynchronous
[   16.284564] scsi 2:0:1:0: Direct-Access     VBOX     HARDDISK         1.0  PQ: 0 ANSI: 5
[   16.473016] scsi target2:0:1: Beginning Domain Validation
[   17.133082] scsi target2:0:1: Domain Validation skipping write tests
[   17.316262] scsi target2:0:1: Ending Domain Validation
[   17.447274] scsi target2:0:1: asynchronous
[   18.072441] sd 2:0:0:0: Attached scsi generic sg0 type 0
[   18.092165] sd 2:0:1:0: Attached scsi generic sg1 type 0
[   18.092242] sd 2:0:0:0: [sda] 20971520 512-byte logical blocks: (10.7 GB/10.0 GiB)
[   18.093996] sd 2:0:1:0: [sdb] 20480 512-byte logical blocks: (10.5 MB/10.0 MiB)
[   18.098759] sd 2:0:0:0: [sda] Write Protect is off
[   18.100190] sd 2:0:1:0: [sdb] Write Protect is off
[   18.101582] sd 2:0:0:0: [sda] Incomplete mode parameter data
[   18.103111] sd 2:0:0:0: [sda] Assuming drive cache: write through
[   18.104648] sd 2:0:1:0: [sdb] Incomplete mode parameter data
[   18.106027] sd 2:0:1:0: [sdb] Assuming drive cache: write through
[   18.110776]  sda: sda1
[   18.112270] sd 2:0:1:0: [sdb] Attached SCSI disk
[   18.113885] sd 2:0:0:0: [sda] Attached SCSI disk
Begin: Loading e[   19.370669] md: linear personality registered for level -1
ssential drivers[   19.624534] md: multipath personality registered for level -4
 ... [   19.779231] md: raid0 personality registered for level 0
[   19.923891] md: raid1 personality registered for level 1
[   20.071062] raid6: sse2x1   gen() 13848 MB/s
[   20.312766] raid6: sse2x1   xor() 10564 MB/s
[   20.502231] raid6: sse2x2   gen() 17580 MB/s
[   20.747838] raid6: sse2x2   xor() 11682 MB/s
[   20.979398] raid6: sse2x4   gen() 19426 MB/s
[   21.159348] raid6: sse2x4   xor() 12853 MB/s
[   21.335359] raid6: avx2x1   gen() 27390 MB/s
[   21.431031] raid6: avx2x2   gen() 30113 MB/s
[   21.575712] raid6: avx2x4   gen() 33579 MB/s
[   21.723960] raid6: using algorithm avx2x4 gen() 33579 MB/s
[   21.912265] raid6: using avx2x2 recovery algorithm
[   22.024586] xor: automatically using best checksumming function:
[   22.211148]    avx       : 32186.000 MB/sec
[   22.309841] async_tx: api initialized (async)
[   22.410925] md: raid6 personality registered for level 6
[   22.440657] md: raid5 personality registered for level 5
[   22.448149] md: raid4 personality registered for level 4
[   22.456839] md: raid10 personality registered for level 10
done.
Begin: Running /scripts/init-premount ... done.
Begin: Mounting root file system ... Begin: Running /scripts/local-top ... done.
Begin: Running /scripts/local-premount ... [   22.482679] Btrfs loaded
Scanning for Btrfs filesystems
done.
Warning: fsck not present, so skipping root file system
[   22.546989] EXT4-fs (sda1): mounted filesystem with ordered data mode. Opts: (null)
done.
Begin: Running /scripts/local-bottom ... done.
Begin: Running /scripts/init-bottom ... done.
[   22.614576] systemd[1]: systemd 229 runnigg in system mode. (+PAM +AUDIT +SELINUX +IMA +APPARMOR +SMACK +SYSVINIT +UTMP +LIBCRYPTSETUP +GCRYPT +GNUTLS +ACL +XZ -LZ4 +SECOOPP +BLKID +ELFUTILS +KMOD -IDN)
[   23.228274] systemd[1]: Detected virtualization oracle.
[   23.343571] systemd[1]: Detected architecture x86-64.

Welcome to [1mUbuntu 16.04.5 LTS[0m!

[ 23.492433] systemd[1]: Set hostname to <ubuntu-xenial>.

[   23.796994] systemd[1]: Created slice User and Session Slice.
[[0;32m  OK  [0m] Created slice User and Session Slice.
[   23.800592] systemd[1]: Started Trigger resolvconf update for networkd DNS.
[[0;32m  OK  [0m] Started Trigger resolvconf update for networkd DNS.
[   23.804503] systemd[1]: Reached target Swap.
[[0;32m  OK  [0m] Reached target Swap.
[  2.859 stemd[1]: Reache tge Encpt Vum.
[[0;32m  OK  [0m] Reached target Encrypted Volumes.
[   24.349 ste[1 Lteng on Syslog Socket.
[[0;32m  OK  [0m] Listening on Syslog Socket.
[   24.647845] systemd[1]: Listening on udev Kernel Socket.
[[0;32m  OK  [0m] Listening on udev Kernel Socket.
[   24.651231] systemd[1]: Listening on Journal Socket (/dev/log).
[[0;32m  OK  [0m] Listening on Journal Socket (/dev/log).
[   24.655118] systemd[1]: Listening on LVM2 metadata daemon socket.
[[0;32m  OK  [0m] Listening on LVM2 metadata daemon socket.
[   24747571] syem1]Rehed target System Ti Schoned
[[0;32m  OK  [0m] Reached target System Time Synchronized.
[   253246systemd[1] Ltengn url cket.
[[0;32m  OK  [0m] Listening on Journal Socket.
[   25.714600] systemd[1]: Listening on udev Control Socket.
[[0;32m  OK  [0m] Listening on udev Control Socket.
[   25.718074] systemd[1]: Listening on /dev/initctl Compatibility Named  Pipe.
[[0;32m  OK  [0m] Listening on /dev/initctl Compatibility Named Pipe.
[   25.723836] systemd[1]: Created slice System Slice.
[[0;32m  OK  [0m] Created slice System Slice.
[   25.739886] systemd[1]: Starting Uncomplicated firewall...
[   25.767923] random: nonblocking pool is initialized
         Starting Uncomplicated firewall...
[   25.776771] systemd[1]: Starting Create list of required static device nodes for the current kernel...
         Starting Create list of required st... nodes for the current kernel...
[   25.991171] systemd[1]: Starting Set console keymap...
         Starting Set console keymap...
[   26.175467] systemd[1]: Starting Remount Root and Kernel File Systems...
         [   26.335605] EXT4-fs (sda1): re-mounted. Opts: (null)
Starting Remount Root and Kernel File Systems...
[   26.615370] systemd[1]: Mounting POSIX Message Queue File System...
         Mounting POSIX Message Queue File System...
[   26.786763] systemd[1]: Mounting Debug File System...
         Mounting Debug File System...
[   26.791327] systemd[1]: Starting Load Kernel Modules...
         Starting Load Kernel Modules...
[   26.796329] systemd[1]: Created slice system-postgresql.slice.
[[0;32m  OK  [0m] Created slice system-postgresql.slice.
[   26.801824] systemd[1]: Starting Nameserver information manager...
         Starting Nameserver information manager...
[   26.809042] Loading iSCSI transport class v2.0-870.
[   26.810706] systemd[1]: Created slice system-serial\x2dgetty.slice.
[[0;32m  OK  [0m] Created slice system-serial\x2dgetty.slice.
[   26.816667] systemd[1]: Mounting Huge Pages File System...
         Mounting Huge Pages File System...
[   26.819856] iscsi: registered transport (tcp)
[   26.820942] systemd[1]: Listening on LVM2 poll daemon socket.
[[0;32m  OK  [0m] Listening on [   26.926598] iscsi: registered transport (iser)
LVM2 poll daemon socket.
[   26.948167] systemd[1]: Listening on Device-mapper event daemon FIFOs.
[[0;32m  OK  [0m] Listening on Device-mapper event daemon FIFOs.
[   26.963159] systemd[1]: Starting Monitoring of LVM2 mirrors, snapshots etc. using dmeventd or progress polling...
         Starting Monitoring of LVM2 mirrors... dmeventd or progress polling...
[   26.968125] systemd[1]: Reached target Slices.
[[0;32m  OK  [0m] Reached target Slices.
[   26.973786] systemd[1]: Started Forward Password Requests to Wall Directory Watch.
[[0;32m  OK  [0m] Started Forward Password Requests to Wall Directory Watch.
[   26.979008] systemd[1]: Set up automount Arbitrary Executable File Formats File System Automount Point.
[[0;32m  OK  [0m] Set up automount Arbitrary Executab...ats File System Automount Point.
[   26.984934] systemd[1]: Listening on Journal Audit Socket.
[[0;32m  OK  [0m] Listening on Journal Audit Socket.
[   26.989064] systemd[1]: Starting Journal Service...
         Starting Journal Service...
[   27.035851] systemd[1]: Reached target User and Group Name Lookups.
[[0;32m  OK  [0m] Reached target User and Group Name Lookups.
[   27.048826] systemd[1]: Mounted Huge Pages File System.
[[0;32m  OK  [0m] Mounted Huge Pages File System.
[   27.065532] systemd[1]: Mounted POSIX Message Queue File System.
[[0;32m  OK  [0m] Mounted POSIX Message Queue File System.
[   27.068786] systemd[1]: Mounted Debug File System.
[[0;32m  OK  [0m] Mounted Debug File System.
[   27.071565] systemd[1]: Started Journal Service.
[[0;32m  OK  [0m] Started Journal Service.
[[0;32m  OK  [0m] Started Uncomplicated firewall.
[[0;32m  OK  [0m] Started Create list of required sta...ce nodes for the current kernel.
[[0;32m  OK  [0m] Started Set console keymap.
[[0;32m  OK  [0m] Started Remount Root and Kernel File Systems.
[[0;32m  OK  [0m] Started Load Kernel Modules.
[[0;32m  OK  [0m] Started Nameserver information manager.
[[0;32m  OK  [0m] Started LVM2 metadata daemon.
         Starting Apply Kernel Variables...
         Mounting FUSE Control File System...
         Starting Load/Save Random Seed...
         Starting udev Coldplug all Devices...
         Starting Create Static Device Nodes in /dev...
         Starting Flush Journal to Persistent Storage...
[[0;32m  OK  [0m] Mounted FUSE Control File System.
[[0;32m  OK  [0m] Started Apply Kernel Variables.
[[0;32m  OK  [0m] Started Load/Save Random Seed.
[[0;32m  OK  [0m] Started Create Static Device Nodes in /dev.
[[0;32m  OK  [0m] Started Monitoring of LVM2 mirrors,...ng dmeventd or progress polling.
[[0;32m  OK  [0m] Started udev Coldplug all Devices.
[[0;32m  OK  [0m] Started Flush Journal to Persistent Storage.
[[0;32m  OK  [0m] Reached target Local File Systems (Pre).
[[0;32m  OK  [0m] Reached target Local File Systems.
         Starting Tell Plymouth To Write Out Runtime Data...
         Starting Set console font and keymap...
         Starting Create Volatile Files and Directories...
         Starting LSB: AppArmor initialization...
         Starting Initial cloud-init job (pre-networking)...
         Starting udev Kernel Device Manager...
[[0;32m  OK  [0m] Started Tell Plymouth To Write Out Runtime Data.
[[0;32m  OK  [0m] Started Create Volatile Files and Directories.
[[0;32m  OK  [0m] Started udev Kernel Device Manager.
[[0;32m  OK  [0m] Started Dispatch Password Requests to Console Directory Watch.
         Starting Update UTMP about System Boot/Shutdown...
[[0;32m  OK  [0m] Started Update UTMP about System Boot/Shutdown.
[[0;32m  OK  [0m] Started LSB: AppArmor initialization.
[[0;32m  OK  [0m] Found device /dev/ttyS0.
[[0;32m  OK  [0m] Started Set console font and keymap.
[[0;32m  OK  [0m] Created slice system-getty.slice.
[[0;32m  OK  [0m] Listening on Load/Save RF Kill Switch Status /dev/rfkill Watch.
[[0;32m  OK  [0m] Found device 82540EM Gigabit Ethern...r (PRO/1000 MT Desktop Adapter).
[   20.623076] cloud-init[478]: Cloud-init v. 18.4-0ubuntu1~16.04.2 running 'init-local' at Mon, 03 Dec 2018 19:53:02 +0000. Up 20.43 seconds.
[[0;32m  OK  [0m] Started Initial cloud-init job (pre-networking).
[[0;32m  OK  [0m] Reached target Network (Pre).
         Starting Raise network interfaces...
[[0;32m  OK  [0m] Started ifup for enp0s3.
[[0;32m  OK  [0m] Started Raise network interfaces.
         Starting Initial cloud-init job (metadata service crawler)...
[[0;32m  OK  [0m] Reached target Network.
[   21.434597] cloud-init[952]: Cloud-init v. 18.4-0ubuntu1~16.04.2 running 'init' at Mon, 03 Dec 2018 19:53:03 +0000. Up 21.29 seconds.
[   21.533515] [cloud-init[0;32m  OK  [0m[952]: ] ci-info: +++++++++++++++++++++++++++++++++++++Net device info++++++++++++++++++++++++++++++++++++++Started Initial cloud-init job (metadata service crawler).

[   21.535117] [cloud-init[0;32m  OK  [0m[952]: ] ci-info: +--------+------+---------------------------+---------------+--------+-------------------+Reached target Network is Online.

[   21.776417]          cloud-initStarting iSCSI initiator daemon (iscsid)...[952]: 
ci-info: | Device |  Up  |          Address          |      Mask     | Scope  |     Hw-Address    |
[   21.912796] [cloud-init[0;32m  OK  [0m[952]: ] ci-info: +--------+------+---------------------------+---------------+--------+-------------------+Reached target System Initialization.

[   22.030676] [[0;32m  OK  [0m] Listening on D-Bus System Message Bus Socket.
cloud-init[952]: ci-info: | enp0s3 | True |         10.0.2.15         | 255.255.255.0 | global | 02:98:04:f8:6e:63 |
[   22.164400]          Starting LXD - unix socket.
cloud-init[952]: ci-info: | enp0s3 | True | fe80::98:4ff:fef8:6e63/64 |       .       |  link  | 02:98:04:f8:6e:63 |
[[0;32m  OK  [0m] Started Daily apt download activities.
[   22.171078] cloud-init[[0;32m  OK  [0m] Started ACPI Events Check.
[[0;32m  OK  [0m] Reached target Paths.
[[0;32m  OK  [0m] Started Daily apt upgrade and clean activities.
[[0;32m  OK  [0m] Started Daily Cleanup of Temporary Directories.
[[0;32m  OK  [0m] Listening on UUID daemon activation socket.
[[0;32m  OK  [0m] Listening on ACPID Listen Socket.
[[0;32m  OK  [0m] Reached target Timers.
         Starting Socket activation for snappy daemon.
[[0;32m  OK  [0m] Reached target Cloud-config availability.
[952]: ci-info: |   lo   | True |         127.0.0.1         |   255.0.0.0   |  host  |         .         |
[   22.185170] cloud-init[952]: ci-info: |   lo   | True |          ::1/128          |       .       |  host  |         .         |[[0;32m  OK  [0m] Listening on LXD - unix socket.
[[0;32m  OK  [0m] Listening on Socket activation for snappy daemon.

[   22.191276] [[0;32m  OK  [0m] Reached target Sockets.
[[0;32m  OK  [0m] Reached target Basic System.
[[0;32m  OK  [0m] Started D-Bus System Message Bus.
cloud-init[952]: ci-info: +--------+------+---------------------------+---------------+--------+-------------------+
[   22.201437] cloud-init[952]: ci-info: +++++++++++++++++++++++++++Route IPv4 info++++++++++++++++++++++++++++
[   22.206447] cloud-init[952]: ci-info: +-------+-------------+----------+---------------+-----------+-------+
[   22.210684] cloud-init[952]: ci-info: | Route | Destination | Gateway  |    Genmask    | Interface | Flags |
[   22.273258]          cloud-initStarting LSB: Record successful boot for GRUB...[952]: 
ci-info: +-------+-------------+----------+---------------+-----------+-------+
[   22.388612]          cloud-initStarting Virtualbox guest utils...[952]: 
ci-info: |   0   |   0.0.0.0   | 10.0.2.2 |    0.0.0.0    |   enp0s3  |   UG  |
[   22.492498] [cloud-init[0;32m  OK  [0m[952]: ] ci-info: |   1   |   10.0.2.0  | 0.0.0.0  | 255.255.255.0 |   enp0s3  |   U   |Started FUSE filesystem for LXC.

[   22.605204] [cloud-init[0;32m  OK  [0m[952]: ] ci-info: +-------+-------------+----------+---------------+-----------+-------+Started Regular background program processing daemon.

[   22.606695] cloud-init[952]: ci-info: +++++++++++++++++++Route IPv6 info+++++++++++++++++++
         Starting Accounts Service...
[   22.727722] [[0;32m  OK  [0m] Started ACPI event daemon.
cloud-init[952]: ci-info: +-------+-------------+---------+-----------+-------+
         Starting Snappy daemon...
[   22.753010] cloud-init[952]: ci-info: | Route | Destination | Gateway | Interface | Flags |
[   22.777464] cloud-init[952]: ci-info: +-------+-------------+---------+-----------+-------+
[   22.780047] cloud-init[952]: ci-info: |   0   |  fe80::/64  |    ::   |   enp0s3  |   U   |
[   22.782764] cloud-init[952]: ci-info: |   3   |   ff00::/8  |    ::   |   enp0s3  |   U   |
[   22.828230]          cloud-initStarting OpenBSD Secure Shell server...[952]: 
ci-info: +-------+-------------+---------+-----------+-------+
         Starting PostgreSQL Cluster 9.5-main...
         Starting LXD - container startup/shutdown...
         Starting LSB: MD monitoring daemon...
         Starting Login Service...
[[0;32m  OK  [0m] Started Unattended Upgrades Shutdown.
         Starting /etc/rc.local Compatibility...
         Starting System Logging Service...
[[0;32m  OK  [0m] Started Deferred execution scheduler.
[[0;32m  OK  [0m] Started Snappy daemon.
[[0;32m  OK  [0m] Started System Logging Service.
[[0;32m  OK  [0m] Started iSCSI initiator daemon (iscsid).
[[0;32m  OK  [0m] Started LXD - container startup/shutdown.
[[0;32m  OK  [0m] Started /etc/rc.local Compatibility.
[[0;32m  OK  [0m] Started OpenBSD Secure Shell server.
[[0;32m  OK  [0m] Started LSB: Record successful boot for GRUB.
[[0;32m  OK  [0m] Started Virtualbox guest utils.
[[0;32m  OK  [0m] Started LSB: MD monitoring daemon.
         Starting Authenticate and Authorize Users to Run Privileged Tasks...
         Starting Login to default iSCSI targets...
         Starting Wait until snapd is fully seeded...
[[0;32m  OK  [0m] Started Login Service.
[[0;32m  OK  [0m] Started Authenticate and Authorize Users to Run Privileged Tasks.
[[0;32m  OK  [0m] Started Accounts Service.
[[0;32m  OK  [0m] Started Wait until snapd is fully seeded.
[[0;32m  OK  [0m] Started Login to default iSCSI targets.
[[0;32m  OK  [0m] Reached target Remote File Systems (Pre).
[[0;32m  OK  [0m] Reached target Remote File Systems.
         Starting LSB: Set the CPU Frequency Scaling governor to "ondemand"...
         Starting Permit User Sessions...
         Starting LSB: automatic crash report generation...
         Starting LSB: daemon to balance interrupts for SMP systems...
         Starting LSB: Start/stop sysstat's sadc...
         Starting Apply the settings specified in cloud-config...
[[0;32m  OK  [0m] Started Permit User Sessions.
[[0;32m  OK  [0m] Started LSB: Set the CPU Frequency Scaling governor to "ondemand".
         Starting Hold until boot process finishes up...
         Starting Terminate Plymouth Boot Screen...
[[0;32m  OK  [0m] Started LSB: automatic crash report generation.
[[0;32m  OK  [0m] Started LSB: daemon to balance interrupts for SMP systems.
[   23.752393] cloud-init[1174]: Cloud-init v. 18.4-0ubuntu1~16.04.2 running 'modules:config' at Mon, 03 Dec 2018 19:53:05 +0000. Up 23.69 seconds.
[[0;32m  OK  [0m] Started LSB: Start/stop sysstat's sadc.
[[0;32m  OK  [0m] Started Apply the settings specified in cloud-config.
[[0;32m  OK  [0m] Started Hold until boot process finishes up.
[[0;32m  OK  [0m] Started Terminate Plymouth Boot Screen.
[[0;32m  OK  [0m] Started Getty on tty1.
[[0;32m  OK  [0m] Started Serial Getty on ttyS0.
[[0;32m  OK  [0m] Reached target Login Prompts.
         Starting Set console scheme...
[[0;32m  OK  [0m] Started Set console scheme.
[[0;32m  OK  [0m] Started PostgreSQL Cluster 9.5-main.
         Starting PostgreSQL RDBMS...
[[0;32m  OK  [0m] Started PostgreSQL RDBMS.
[[0;32m  OK  [0m] Reached target Multi-User System.
         Starting Execute cloud user/final scripts...
[[0;32m  OK  [0m] Reached target Graphical Interface.
         Starting Update UTMP about System Runlevel Changes...
[[0;32m  OK  [0m] Started Update UTMP about System Runlevel Changes.
[   25.507651] cloud-init[1235]: Cloud-init v. 18.4-0ubuntu1~16.04.2 running 'modules:final' at Mon, 03 Dec 2018 19:53:07 +0000. Up 25.44 seconds.
[   25.585756] cloud-init[1235]: Cloud-init v. 18.4-0ubuntu1~16.04.2 finished at Mon, 03 Dec 2018 19:53:07 +0000. Datasource DataSourceNoCloud [seed=/dev/sdb][dsmode=net].  Up 25.50 seconds
[[0;32m  OK  [0m] Started Execute cloud user/final scripts.
[[0;32m  OK  [0m] Reached target Cloud-init target.

Ubuntu 16.04.5 LTS ubuntu-xenial ttyS0

ubuntu-xenial login: 